app/(auth)/login.tsx(16,31): error TS2307: Cannot find module '../../../theme' or its corresponding type declarations.
app/(auth)/password.tsx(17,31): error TS2307: Cannot find module '../../../theme' or its corresponding type declarations.
app/(auth)/register.tsx(18,31): error TS2307: Cannot find module '../../../theme' or its corresponding type declarations.
app/(auth)/username.tsx(17,31): error TS2307: Cannot find module '../../../theme' or its corresponding type declarations.
app/(tabs)/friends.tsx(63,32): error TS2339: Property 'lg' does not exist on type '{ sm: number; md: number; round: number; }'.
app/(tabs)/searchVaults.tsx(75,32): error TS2339: Property 'lg' does not exist on type '{ sm: number; md: number; round: number; }'.
